<html>
<body>
<pre>
<h1>µVision Build Log</h1>
<h2>Tool Versions:</h2>
IDE-Version: ¦ÌVision V5.29.0.0
Copyright (C) 2019 ARM Ltd and ARM Germany GmbH. All rights reserved.
License Information: l l, l, LIC=EXJT4-F7HCK-UHM8H-WYP86-QG693-CQ7M9
 
Tool Versions:
Toolchain:       MDK-ARM Plus  Version: 5.29.0.0
Toolchain Path:  C:\Keil_v5\ARM\ARMCC\Bin
C Compiler:      Armcc.exe V5.06 update 6 (build 750)
Assembler:       Armasm.exe V5.06 update 6 (build 750)
Linker/Locator:  ArmLink.exe V5.06 update 6 (build 750)
Library Manager: ArmAr.exe V5.06 update 6 (build 750)
Hex Converter:   FromElf.exe V5.06 update 6 (build 750)
CPU DLL:         SARMCM3.DLL V5.29.0.0
Dialog DLL:      DCM.DLL V1.17.3.0
Target DLL:      STLink\ST-LINKIII-KEIL_SWO.dll V3.0.7.0
Dialog DLL:      TCM.DLL V1.36.5.0
 
<h2>Project:</h2>
C:\Workspace\STM32CubeExpansion_Cloud_Tencent_V1.1.1\Projects\NUCLEO-L476RG\Applications\Cloud\Tencent\MDK-ARM\Project.uvprojx
Project File Date:  03/10/2020

<h2>Output:</h2>
*** Using Compiler 'V5.06 update 6 (build 750)', folder: 'C:\Keil_v5\ARM\ARMCC\Bin'
Rebuild target 'NUCLEO-L476RG-CLOUD-TENCENT'
assembling startup_stm32l476xx.s...
compiling freertos.c...
compiling stm32l4xx_it.c...
compiling main.c...
compiling stm32l4xx_hal_timebase_tim.c...
compiling stm32l4xx_hal_msp.c...
compiling board.c...
compiling retarget.c...
compiling nucleo_l476rg_bus.c...
compiling app_x-cube-mems1.c...
compiling shell.c...
compiling stm32l4xx_hal_tim_ex.c...
compiling stm32l4xx_hal_tim.c...
compiling stm32l4xx_hal_uart.c...
compiling stm32l4xx_hal_uart_ex.c...
compiling stm32l4xx_hal.c...
compiling stm32l4xx_hal_i2c_ex.c...
compiling stm32l4xx_hal_rcc.c...
compiling stm32l4xx_hal_i2c.c...
compiling stm32l4xx_hal_rcc_ex.c...
compiling stm32l4xx_hal_flash.c...
compiling stm32l4xx_hal_flash_ex.c...
compiling stm32l4xx_hal_flash_ramfunc.c...
compiling stm32l4xx_hal_dma_ex.c...
compiling stm32l4xx_hal_dma.c...
compiling stm32l4xx_hal_gpio.c...
compiling stm32l4xx_hal_pwr.c...
compiling stm32l4xx_hal_pwr_ex.c...
compiling system_stm32l4xx.c...
compiling stm32l4xx_hal_cortex.c...
compiling stm32l4xx_hal_exti.c...
compiling croutine.c...
compiling list.c...
compiling event_groups.c...
compiling stream_buffer.c...
compiling queue.c...
compiling timers.c...
compiling tasks.c...
compiling heap_4.c...
compiling cmsis_os.c...
compiling port.c...
compiling mqtt_client.c...
compiling mqtt_client_net.c...
compiling mqtt_client_connect.c...
compiling mqtt_client_common.c...
compiling mqtt_client_subscribe.c...
compiling mqtt_client_publish.c...
compiling mqtt_client_unsubscribe.c...
compiling json_parser.c...
compiling mqtt_client_yield.c...
compiling qcloud_iot_ca.c...
compiling json_token.c...
compiling qcloud_iot_device.c...
compiling qcloud_iot_log.c...
compiling string_utils.c...
compiling utils_base64.c...
compiling utils_getopt.c...
..\..\..\..\..\..\Middlewares\Third_Party\qcloud-iot-explorer-sdk-embedded-c\sdk_src\utils\utils_getopt.c(57): warning:  #1293-D: assignment in condition
          !(oli = strchr(options, utils_optopt))) {
..\..\..\..\..\..\Middlewares\Third_Party\qcloud-iot-explorer-sdk-embedded-c\sdk_src\utils\utils_getopt.c: 1 warning, 0 errors
compiling utils_aes.c...
compiling utils_hmac.c...
compiling utils_list.c...
compiling utils_ringbuff.c...
compiling utils_timer.c...
compiling utils_md5.c...
compiling data_template_aciton.c...
compiling data_template_client_common.c...
compiling utils_sha1.c...
compiling data_template_client.c...
compiling data_template_client_json.c...
compiling data_template_client_manager.c...
compiling data_template_event.c...
compiling light_data_template_sample.c...
compiling at_client.c...
compiling at_socket_inf.c...
compiling at_utils.c...
compiling network_at_tcp.c...
compiling network_interface.c...
compiling network_tls.c...
compiling at_device_esp8266.c...
compiling mqtt_sample.c...
compiling iCube_data_template_sample.c...
compiling HAL_Device_freertos.c...
compiling HAL_AT_UART_freertos.c...
compiling HAL_TLS_mbedtls.c...
..\..\..\..\..\..\Middlewares\Third_Party\qcloud-iot-explorer-sdk-embedded-c\platform\tls\mbedtls\HAL_TLS_mbedtls.c(129): warning:  #1293-D: assignment in condition
          if ((ret = mbedtls_x509_crt_parse(&(pDataParams->ca_cert), (const unsigned char *)pConnectParams->ca_crt,
..\..\..\..\..\..\Middlewares\Third_Party\qcloud-iot-explorer-sdk-embedded-c\platform\tls\mbedtls\HAL_TLS_mbedtls.c: 1 warning, 0 errors
compiling hts221.c...
compiling hts221_reg.c...
compiling lis2dw12.c...
compiling lis2dw12_reg.c...
compiling lis2mdl.c...
compiling lis2mdl_reg.c...
compiling lps22hh.c...
compiling lps22hh_reg.c...
compiling lsm6dso.c...
compiling lsm6dso_reg.c...
compiling stts751.c...
compiling stts751_reg.c...
compiling HAL_Timer_freertos.c...
compiling HAL_OS_freertos.c...
compiling iks01a3_env_sensors.c...
compiling iks01a3_env_sensors_ex.c...
compiling iks01a3_motion_sensors.c...
compiling aesni.c...
compiling aes.c...
compiling arc4.c...
compiling asn1parse.c...
compiling asn1write.c...
compiling base64.c...
compiling blowfish.c...
compiling camellia.c...
compiling bignum.c...
compiling ccm.c...
compiling certs.c...
compiling cipher_wrap.c...
compiling cipher.c...
compiling cmac.c...
compiling ctr_drbg.c...
compiling debug.c...
compiling dhm.c...
compiling des.c...
compiling ecdh.c...
compiling ecdsa.c...
compiling ecjpake.c...
compiling ecp_curves.c...
compiling ecp.c...
compiling entropy.c...
compiling entropy_poll.c...
compiling error.c...
compiling gcm.c...
compiling havege.c...
compiling hmac_drbg.c...
compiling iks01a3_motion_sensors_ex.c...
compiling md.c...
compiling md2.c...
compiling md_wrap.c...
compiling md4.c...
compiling memory_buffer_alloc.c...
compiling padlock.c...
compiling oid.c...
compiling md5.c...
compiling pem.c...
compiling pk.c...
compiling pk_wrap.c...
compiling pkcs11.c...
compiling pkcs5.c...
compiling pkcs12.c...
compiling platform.c...
compiling pkwrite.c...
compiling pkparse.c...
compiling rsa.c...
compiling sha1.c...
compiling sha256.c...
compiling ripemd160.c...
compiling ssl_cache.c...
compiling ssl_ciphersuites.c...
compiling ssl_cookie.c...
compiling sha512.c...
compiling ssl_ticket.c...
compiling ssl_cli.c...
compiling threading.c...
compiling timing.c...
compiling ssl_srv.c...
compiling version.c...
compiling version_features.c...
compiling x509_create.c...
compiling x509.c...
compiling x509_crl.c...
compiling x509_csr.c...
compiling x509_crt.c...
compiling ssl_tls.c...
compiling x509write_crt.c...
compiling entropy_hardware.c...
compiling x509write_csr.c...
compiling xtea.c...
compiling timing_alt.c...
compiling net_sockets_alt.c...
linking...
Program Size: Code=239252 RO-data=51380 RW-data=1280 ZI-data=95488  
FromELF: creating hex file...
".\NUCLEO-L476RG-CLOUD-TENCENT\NUCLEO-L476RG-CLOUD-TENCENT.axf" - 0 Error(s), 2 Warning(s).

<h2>Software Packages used:</h2>

Package Vendor: ARM
                http://www.keil.com/pack/ARM.CMSIS.5.6.0.pack
                ARM.CMSIS.5.6.0
                CMSIS (Cortex Microcontroller Software Interface Standard)
   * Component: CORE Version: 5.3.0

Package Vendor: Keil
                https://www.keil.com/pack/Keil.STM32L4xx_DFP.2.3.0.pack
                Keil.STM32L4xx_DFP.2.3.0
                STMicroelectronics STM32L4 Series Device Support, Drivers and Examples

<h2>Collection of Component include folders:</h2>
  .\RTE\_NUCLEO-L476RG-CLOUD-TENCENT
  C:\Users\lizhanbing\AppData\Local\Arm\Packs\ARM\CMSIS\5.6.0\CMSIS\Core\Include
  C:\Users\lizhanbing\AppData\Local\Arm\Packs\Keil\STM32L4xx_DFP\2.3.0\Drivers\CMSIS\Device\ST\STM32L4xx\Include

<h2>Collection of Component Files used:</h2>

   * Component: ARM::CMSIS:CORE:5.3.0
Build Time Elapsed:  00:01:37
</pre>
</body>
</html>
